Using pre-set license
Built from '6000.0/staging' branch; Version is '6000.0.39f1 (15ea7ed0b100) revision 1436286'; Using compiler version '193933523'; Build Type 'Release'
OS: 'Windows 11  (10.0.26100) 64bit CoreSingleLanguage' Language: 'en' Physical Memory: 16051 MB
BatchMode: 1, IsHumanControllingUs: 0, StartBugReporterOnCrash: 0, Is64bit: 1, IsPro: 1

COMMAND LINE ARGUMENTS:
C:\Program Files\Unity\Hub\Editor\6000.0.39f1\Editor\Unity.exe
-adb2
-batchMode
-noUpm
-name
AssetImportWorker11
-projectPath
C:/Users/danie/OneDrive/Desktop/Vega/Unity/GADE7322/GADE7322
-logFile
Logs/AssetImportWorker11.log
-srvPort
52137
-job-worker-count
7
-background-job-worker-count
8
-gc-helper-count
1
Successfully changed project path to: C:/Users/danie/OneDrive/Desktop/Vega/Unity/GADE7322/GADE7322
C:/Users/danie/OneDrive/Desktop/Vega/Unity/GADE7322/GADE7322
[UnityMemory] Configuration Parameters - Can be set up in boot.config
    "memorysetup-bucket-allocator-granularity=16"
    "memorysetup-bucket-allocator-bucket-count=8"
    "memorysetup-bucket-allocator-block-size=33554432"
    "memorysetup-bucket-allocator-block-count=8"
    "memorysetup-main-allocator-block-size=16777216"
    "memorysetup-thread-allocator-block-size=16777216"
    "memorysetup-gfx-main-allocator-block-size=16777216"
    "memorysetup-gfx-thread-allocator-block-size=16777216"
    "memorysetup-cache-allocator-block-size=4194304"
    "memorysetup-typetree-allocator-block-size=2097152"
    "memorysetup-profiler-bucket-allocator-granularity=16"
    "memorysetup-profiler-bucket-allocator-bucket-count=8"
    "memorysetup-profiler-bucket-allocator-block-size=33554432"
    "memorysetup-profiler-bucket-allocator-block-count=8"
    "memorysetup-profiler-allocator-block-size=16777216"
    "memorysetup-profiler-editor-allocator-block-size=1048576"
    "memorysetup-temp-allocator-size-main=16777216"
    "memorysetup-job-temp-allocator-block-size=2097152"
    "memorysetup-job-temp-allocator-block-size-background=1048576"
    "memorysetup-job-temp-allocator-reduction-small-platforms=262144"
    "memorysetup-allocator-temp-initial-block-size-main=262144"
    "memorysetup-allocator-temp-initial-block-size-worker=262144"
    "memorysetup-temp-allocator-size-background-worker=32768"
    "memorysetup-temp-allocator-size-job-worker=262144"
    "memorysetup-temp-allocator-size-preload-manager=33554432"
    "memorysetup-temp-allocator-size-nav-mesh-worker=65536"
    "memorysetup-temp-allocator-size-audio-worker=65536"
    "memorysetup-temp-allocator-size-cloud-worker=32768"
    "memorysetup-temp-allocator-size-gi-baking-worker=262144"
    "memorysetup-temp-allocator-size-gi-baking-worker=262144"
    "memorysetup-temp-allocator-size-gi-baking-worker=262144"
    "memorysetup-temp-allocator-size-gi-baking-worker=262144"
    "memorysetup-temp-allocator-size-gi-baking-worker=262144"
    "memorysetup-temp-allocator-size-gfx=262144"
Player connection [31420]  Target information:

Player connection [31420]  * "[IP] 192.168.68.108 [Port] 0 [Flags] 2 [Guid] 2486141187 [EditorId] 2486141187 [Version] 1048832 [Id] WindowsEditor(7,DESKTOP-93KCOVK) [Debug] 1 [PackageName] WindowsEditor [ProjectName] Editor" 

Player connection [31420] Host joined multi-casting on [225.0.0.222:54997]...
Player connection [31420] Host joined alternative multi-casting on [225.0.0.222:34997]...
JobSystem: Creating JobQueue using job-worker-count value 7
Input System module state changed to: Initialized.
[Physics::Module] Initialized fallback backend.
[Physics::Module] Id: 0xdecafbad
Library Redirect Path: Library/
[Physics::Module] Selected backend.
[Physics::Module] Name: PhysX
[Physics::Module] Id: 0xf2b8ea05
[Physics::Module] SDK Version: 4.1.2
[Physics::Module] Integration Version: 1.0.0
[Physics::Module] Threading Mode: Multi-Threaded
Refreshing native plugins compatible for Editor in 2.49 ms, found 3 plugins.
Preloading 0 native plugins for Editor in 0.00 ms.
Initialize engine version: 6000.0.39f1 (15ea7ed0b100)
[Subsystems] Discovering subsystems at path C:/Program Files/Unity/Hub/Editor/6000.0.39f1/Editor/Data/Resources/UnitySubsystems
[Subsystems] Discovering subsystems at path C:/Users/danie/OneDrive/Desktop/Vega/Unity/GADE7322/GADE7322/Assets
GfxDevice: creating device client; kGfxThreadingModeNonThreaded
Direct3D:
    Version:  Direct3D 11.0 [level 11.1]
    Renderer: NVIDIA GeForce RTX 3050 Ti Laptop GPU (ID=0x25a0)
    Vendor:   NVIDIA
    VRAM:     3962 MB
    Driver:   32.0.15.8142
Initialize mono
Mono path[0] = 'C:/Program Files/Unity/Hub/Editor/6000.0.39f1/Editor/Data/Managed'
Mono path[1] = 'C:/Program Files/Unity/Hub/Editor/6000.0.39f1/Editor/Data/MonoBleedingEdge/lib/mono/unityjit-win32'
Mono config path = 'C:/Program Files/Unity/Hub/Editor/6000.0.39f1/Editor/Data/MonoBleedingEdge/etc'
Using monoOptions --debugger-agent=transport=dt_socket,embedding=1,server=y,suspend=n,address=127.0.0.1:56280
Begin MonoManager ReloadAssembly
Registering precompiled unity dll's ...
Register platform support module: C:/Program Files/Unity/Hub/Editor/6000.0.39f1/Editor/Data/PlaybackEngines/WindowsStandaloneSupport/UnityEditor.WindowsStandalone.Extensions.dll
Registered in 0.003144 seconds.
- Loaded All Assemblies, in  0.818 seconds
Native extension for WindowsStandalone target not found
Mono: successfully reloaded assembly
- Finished resetting the current domain, in  0.959 seconds
Domain Reload Profiling: 1775ms
	BeginReloadAssembly (421ms)
		ExecutionOrderSort (0ms)
		DisableScriptedObjects (0ms)
		BackupInstance (0ms)
		ReleaseScriptingObjects (0ms)
		CreateAndSetChildDomain (2ms)
	RebuildCommonClasses (57ms)
	RebuildNativeTypeToScriptingClass (17ms)
	initialDomainReloadingComplete (80ms)
	LoadAllAssembliesAndSetupDomain (240ms)
		LoadAssemblies (416ms)
		RebuildTransferFunctionScriptingTraits (0ms)
		AnalyzeDomain (236ms)
			TypeCache.Refresh (234ms)
				TypeCache.ScanAssembly (213ms)
			BuildScriptInfoCaches (0ms)
			ResolveRequiredComponents (1ms)
	FinalizeReload (960ms)
		ReleaseScriptCaches (0ms)
		RebuildScriptCaches (0ms)
		SetupLoadedEditorAssemblies (898ms)
			LogAssemblyErrors (0ms)
			InitializePlatformSupportModulesInManaged (35ms)
			SetLoadedEditorAssemblies (6ms)
			BeforeProcessingInitializeOnLoad (129ms)
			ProcessInitializeOnLoadAttributes (647ms)
			ProcessInitializeOnLoadMethodAttributes (82ms)
			AfterProcessingInitializeOnLoad (0ms)
			EditorAssembliesLoaded (0ms)
		ExecutionOrderSort2 (0ms)
		AwakeInstancesAfterBackupRestoration (0ms)
========================================================================
Worker process is ready to serve import requests
Import Worker Mode flag is 0x00
Begin MonoManager ReloadAssembly
- Loaded All Assemblies, in  1.368 seconds
Refreshing native plugins compatible for Editor in 2.01 ms, found 3 plugins.
Native extension for WindowsStandalone target not found
Mono: successfully reloaded assembly
- Finished resetting the current domain, in  1.447 seconds
Domain Reload Profiling: 2809ms
	BeginReloadAssembly (279ms)
		ExecutionOrderSort (0ms)
		DisableScriptedObjects (9ms)
		BackupInstance (0ms)
		ReleaseScriptingObjects (0ms)
		CreateAndSetChildDomain (55ms)
	RebuildCommonClasses (64ms)
	RebuildNativeTypeToScriptingClass (20ms)
	initialDomainReloadingComplete (60ms)
	LoadAllAssembliesAndSetupDomain (938ms)
		LoadAssemblies (654ms)
		RebuildTransferFunctionScriptingTraits (0ms)
		AnalyzeDomain (449ms)
			TypeCache.Refresh (333ms)
				TypeCache.ScanAssembly (308ms)
			BuildScriptInfoCaches (93ms)
			ResolveRequiredComponents (17ms)
	FinalizeReload (1448ms)
		ReleaseScriptCaches (0ms)
		RebuildScriptCaches (0ms)
		SetupLoadedEditorAssemblies (1149ms)
			LogAssemblyErrors (0ms)
			InitializePlatformSupportModulesInManaged (5ms)
			SetLoadedEditorAssemblies (6ms)
			BeforeProcessingInitializeOnLoad (188ms)
			ProcessInitializeOnLoadAttributes (813ms)
			ProcessInitializeOnLoadMethodAttributes (123ms)
			AfterProcessingInitializeOnLoad (14ms)
			EditorAssembliesLoaded (0ms)
		ExecutionOrderSort2 (0ms)
		AwakeInstancesAfterBackupRestoration (8ms)
Launched and connected shader compiler UnityShaderCompiler.exe after 0.04 seconds
Refreshing native plugins compatible for Editor in 5.36 ms, found 3 plugins.
Preloading 0 native plugins for Editor in 0.00 ms.
Unloading 240 Unused Serialized files (Serialized files now loaded: 0)
Unloading 6790 unused Assets / (5.9 MB). Loaded Objects now: 7521.
Memory consumption went from 179.8 MB to 173.9 MB.
Total: 19.943800 ms (FindLiveObjects: 1.805900 ms CreateObjectMapping: 1.085000 ms MarkObjects: 9.603200 ms  DeleteObjects: 7.447500 ms)

========================================================================
Received Import Request.
  Time since last request: 111237.371446 seconds.
  path: Assets/ScriptableObjects/D_Stats
  artifactKey: Guid(b01aee66665a4b24d941d9041cf330d5) Importer(815301076,1909f56bfc062723c751e8b465ee728b)
Start importing Assets/ScriptableObjects/D_Stats using Guid(b01aee66665a4b24d941d9041cf330d5) Importer(815301076,1909f56bfc062723c751e8b465ee728b) (PreviewImporter) -> (artifact id: '70f9f3b6f969413b4f73aa1e8e2f0def') in 0.013327 seconds
Number of updated asset objects reloaded before import = 0Number of asset objects unloaded after import = 0

========================================================================
Received Import Request.
  Time since last request: 3.733020 seconds.
  path: Assets/ScriptableObjects/D_Data
  artifactKey: Guid(ec61259b8e8b58a4c8f93bdeb8b848b9) Importer(815301076,1909f56bfc062723c751e8b465ee728b)
Start importing Assets/ScriptableObjects/D_Data using Guid(ec61259b8e8b58a4c8f93bdeb8b848b9) Importer(815301076,1909f56bfc062723c751e8b465ee728b) (PreviewImporter) -> (artifact id: '3b2b213e53d6f4b2370ee8163e5510d4') in 0.0006121 seconds
Number of updated asset objects reloaded before import = 0Number of asset objects unloaded after import = 0

========================================================================
Received Import Request.
  Time since last request: 0.223237 seconds.
  path: Assets/ScriptableObjects/D_Data/BaseDefender.asset
  artifactKey: Guid(75bdc0708fce6ce42a8b56e39ea1185d) Importer(815301076,1909f56bfc062723c751e8b465ee728b)
Start importing Assets/ScriptableObjects/D_Data/BaseDefender.asset using Guid(75bdc0708fce6ce42a8b56e39ea1185d) Importer(815301076,1909f56bfc062723c751e8b465ee728b) (PreviewImporter) -> (artifact id: 'e20247c9420fcb6f29cd75fbfb3863dc') in 0.1320511 seconds
Number of updated asset objects reloaded before import = 0Number of asset objects unloaded after import = 395

========================================================================
Received Import Request.
  Time since last request: 4.224562 seconds.
  path: Assets/ScriptableObjects/Enemies/ShieldEnemy.asset
  artifactKey: Guid(ca6bec73038992f4d8a5a50118a16d46) Importer(815301076,1909f56bfc062723c751e8b465ee728b)
Start importing Assets/ScriptableObjects/Enemies/ShieldEnemy.asset using Guid(ca6bec73038992f4d8a5a50118a16d46) Importer(815301076,1909f56bfc062723c751e8b465ee728b) (PreviewImporter)SendMessage cannot be called during Awake, CheckConsistency, or OnValidate (ShieldHitbox: OnMeshFilterChanged)
UnityEngine.Debug:ExtractStackTraceNoAlloc (byte*,int,string)
UnityEngine.StackTraceUtility:ExtractStackTrace ()
UnityEngine.MeshFilter:set_sharedMesh (UnityEngine.Mesh)
ShieldArcVisual:Build () (at Assets/Scripts/Enemies/ShieldArcVisual.cs:39)
ShieldArcVisual:OnValidate () (at Assets/Scripts/Enemies/ShieldArcVisual.cs:19)

[Assets/Scripts/Enemies/ShieldArcVisual.cs line 39]

 -> (artifact id: '9db6fb503f772b6b4e1832241bf4784f') in 0.0141115 seconds
Number of updated asset objects reloaded before import = 0Number of asset objects unloaded after import = 91

========================================================================
Received Import Request.
  Time since last request: 10.628267 seconds.
  path: Assets/ScriptableObjects/Tiles
  artifactKey: Guid(518f4f18df60d8843a7a977beedfffd6) Importer(815301076,1909f56bfc062723c751e8b465ee728b)
Start importing Assets/ScriptableObjects/Tiles using Guid(518f4f18df60d8843a7a977beedfffd6) Importer(815301076,1909f56bfc062723c751e8b465ee728b) (PreviewImporter) -> (artifact id: '9293ddb8cd7068d03a2fe0e349d96dd7') in 0.001542 seconds
Number of updated asset objects reloaded before import = 0Number of asset objects unloaded after import = 0

========================================================================
Received Prepare
Refreshing native plugins compatible for Editor in 1.55 ms, found 3 plugins.
Preloading 0 native plugins for Editor in 0.00 ms.
Unloading 14 Unused Serialized files (Serialized files now loaded: 0)
Unloading 6780 unused Assets / (4.9 MB). Loaded Objects now: 7527.
Memory consumption went from 141.1 MB to 136.2 MB.
Total: 12.215000 ms (FindLiveObjects: 1.400700 ms CreateObjectMapping: 0.713000 ms MarkObjects: 7.401200 ms  DeleteObjects: 2.699000 ms)

Prepare: number of updated asset objects reloaded= 0
========================================================================
Received Prepare
Refreshing native plugins compatible for Editor in 1.27 ms, found 3 plugins.
Preloading 0 native plugins for Editor in 0.00 ms.
Unloading 14 Unused Serialized files (Serialized files now loaded: 0)
Unloading 6779 unused Assets / (2.7 MB). Loaded Objects now: 7527.
Memory consumption went from 141.1 MB to 138.4 MB.
Total: 12.622000 ms (FindLiveObjects: 0.995900 ms CreateObjectMapping: 0.659900 ms MarkObjects: 8.353300 ms  DeleteObjects: 2.611600 ms)

Prepare: number of updated asset objects reloaded= 0
========================================================================
Received Prepare
Refreshing native plugins compatible for Editor in 1.59 ms, found 3 plugins.
Preloading 0 native plugins for Editor in 0.00 ms.
Unloading 14 Unused Serialized files (Serialized files now loaded: 0)
Unloading 6779 unused Assets / (4.6 MB). Loaded Objects now: 7527.
Memory consumption went from 141.1 MB to 136.5 MB.
Total: 10.836200 ms (FindLiveObjects: 1.053700 ms CreateObjectMapping: 0.544300 ms MarkObjects: 6.484800 ms  DeleteObjects: 2.752100 ms)

Prepare: number of updated asset objects reloaded= 0
========================================================================
Received Prepare
Refreshing native plugins compatible for Editor in 2.75 ms, found 3 plugins.
Preloading 0 native plugins for Editor in 0.00 ms.
Unloading 14 Unused Serialized files (Serialized files now loaded: 0)
Unloading 6779 unused Assets / (5.7 MB). Loaded Objects now: 7527.
Memory consumption went from 141.1 MB to 135.4 MB.
Total: 27.759700 ms (FindLiveObjects: 1.062000 ms CreateObjectMapping: 1.010700 ms MarkObjects: 16.324000 ms  DeleteObjects: 9.355500 ms)

Prepare: number of updated asset objects reloaded= 0
========================================================================
Received Prepare
Refreshing native plugins compatible for Editor in 0.99 ms, found 3 plugins.
Preloading 0 native plugins for Editor in 0.00 ms.
Unloading 14 Unused Serialized files (Serialized files now loaded: 0)
Unloading 6779 unused Assets / (4.9 MB). Loaded Objects now: 7527.
Memory consumption went from 141.1 MB to 136.1 MB.
Total: 13.846100 ms (FindLiveObjects: 0.692900 ms CreateObjectMapping: 0.783100 ms MarkObjects: 9.583400 ms  DeleteObjects: 2.784500 ms)

Prepare: number of updated asset objects reloaded= 0
========================================================================
Received Prepare
Begin MonoManager ReloadAssembly
- Loaded All Assemblies, in  1.034 seconds
Refreshing native plugins compatible for Editor in 1.16 ms, found 3 plugins.
Native extension for WindowsStandalone target not found
Mono: successfully reloaded assembly
- Finished resetting the current domain, in  1.028 seconds
Domain Reload Profiling: 2064ms
	BeginReloadAssembly (331ms)
		ExecutionOrderSort (0ms)
		DisableScriptedObjects (10ms)
		BackupInstance (0ms)
		ReleaseScriptingObjects (0ms)
		CreateAndSetChildDomain (100ms)
	RebuildCommonClasses (32ms)
	RebuildNativeTypeToScriptingClass (12ms)
	initialDomainReloadingComplete (38ms)
	LoadAllAssembliesAndSetupDomain (622ms)
		LoadAssemblies (523ms)
		RebuildTransferFunctionScriptingTraits (0ms)
		AnalyzeDomain (247ms)
			TypeCache.Refresh (14ms)
				TypeCache.ScanAssembly (1ms)
			BuildScriptInfoCaches (204ms)
			ResolveRequiredComponents (21ms)
	FinalizeReload (1029ms)
		ReleaseScriptCaches (0ms)
		RebuildScriptCaches (0ms)
		SetupLoadedEditorAssemblies (775ms)
			LogAssemblyErrors (0ms)
			InitializePlatformSupportModulesInManaged (2ms)
			SetLoadedEditorAssemblies (3ms)
			BeforeProcessingInitializeOnLoad (114ms)
			ProcessInitializeOnLoadAttributes (581ms)
			ProcessInitializeOnLoadMethodAttributes (71ms)
			AfterProcessingInitializeOnLoad (4ms)
			EditorAssembliesLoaded (0ms)
		ExecutionOrderSort2 (0ms)
		AwakeInstancesAfterBackupRestoration (11ms)
Refreshing native plugins compatible for Editor in 1.41 ms, found 3 plugins.
Preloading 0 native plugins for Editor in 0.00 ms.
Unloading 24 Unused Serialized files (Serialized files now loaded: 0)
Unloading 6786 unused Assets / (5.2 MB). Loaded Objects now: 7542.
Memory consumption went from 155.8 MB to 150.6 MB.
Total: 9.222100 ms (FindLiveObjects: 0.672300 ms CreateObjectMapping: 0.808500 ms MarkObjects: 4.964500 ms  DeleteObjects: 2.774700 ms)

Prepare: number of updated asset objects reloaded= 0
========================================================================
Received Import Request.
  Time since last request: 375.513388 seconds.
  path: Assets/ScriptableObjects/Enemies/DefaultEnemy.asset
  artifactKey: Guid(d7393f13db85e8e4985def7b59e63194) Importer(815301076,1909f56bfc062723c751e8b465ee728b)
Start importing Assets/ScriptableObjects/Enemies/DefaultEnemy.asset using Guid(d7393f13db85e8e4985def7b59e63194) Importer(815301076,1909f56bfc062723c751e8b465ee728b) (PreviewImporter) -> (artifact id: '65ba97a02fceff5cc1308be7dd1496ae') in 0.0805469 seconds
Number of updated asset objects reloaded before import = 0Number of asset objects unloaded after import = 1

========================================================================
Received Import Request.
  Time since last request: 14.553787 seconds.
  path: Assets/Prefabs/Enemies/DefaultEnemy.prefab
  artifactKey: Guid(583a4b2c61c5f5845a8fcc35d4905ad0) Importer(815301076,1909f56bfc062723c751e8b465ee728b)
Start importing Assets/Prefabs/Enemies/DefaultEnemy.prefab using Guid(583a4b2c61c5f5845a8fcc35d4905ad0) Importer(815301076,1909f56bfc062723c751e8b465ee728b) (PreviewImporter) -> (artifact id: 'a844cf4eaf70a9d3e8c806b66c0e4e3f') in 0.4698192 seconds
Number of updated asset objects reloaded before import = 0Number of asset objects unloaded after import = 86

========================================================================
Received Import Request.
  Time since last request: 0.000033 seconds.
  path: Assets/Prefabs/Enemies/SplitEnemy.prefab
  artifactKey: Guid(abd5418c4fa90bf468b829c6197a83b6) Importer(815301076,1909f56bfc062723c751e8b465ee728b)
Start importing Assets/Prefabs/Enemies/SplitEnemy.prefab using Guid(abd5418c4fa90bf468b829c6197a83b6) Importer(815301076,1909f56bfc062723c751e8b465ee728b) (PreviewImporter) -> (artifact id: '068d64ca467f4a54cad4a4c366517fc2') in 0.0244612 seconds
Number of updated asset objects reloaded before import = 0Number of asset objects unloaded after import = 126

========================================================================
Received Import Request.
  Time since last request: 0.000037 seconds.
  path: Assets/Prefabs/Enemies/SplitEnemyBaby.prefab
  artifactKey: Guid(ddb40e886b948d34a99b1cdfb7737ea7) Importer(815301076,1909f56bfc062723c751e8b465ee728b)
Start importing Assets/Prefabs/Enemies/SplitEnemyBaby.prefab using Guid(ddb40e886b948d34a99b1cdfb7737ea7) Importer(815301076,1909f56bfc062723c751e8b465ee728b) (PreviewImporter) -> (artifact id: 'c9b6f76f3926b02813b1e13c7e8eab10') in 0.0211998 seconds
Number of updated asset objects reloaded before import = 0Number of asset objects unloaded after import = 87

========================================================================
Received Import Request.
  Time since last request: 20.796168 seconds.
  path: Assets/ScriptableObjects/Enemies/DefaultEnemy.asset
  artifactKey: Guid(d7393f13db85e8e4985def7b59e63194) Importer(815301076,1909f56bfc062723c751e8b465ee728b)
Start importing Assets/ScriptableObjects/Enemies/DefaultEnemy.asset using Guid(d7393f13db85e8e4985def7b59e63194) Importer(815301076,1909f56bfc062723c751e8b465ee728b) (PreviewImporter) -> (artifact id: 'dfdcfd4e84a6b3bc968ba4ed4e49b7d1') in 0.0045447 seconds
Number of updated asset objects reloaded before import = 0Number of asset objects unloaded after import = 59

========================================================================
Received Import Request.
  Time since last request: 0.173423 seconds.
  path: Assets/ScriptableObjects/Enemies/DefaultEnemy 2.asset
  artifactKey: Guid(f16141b30a6dcbe48b787f88e3cf3256) Importer(815301076,1909f56bfc062723c751e8b465ee728b)
Start importing Assets/ScriptableObjects/Enemies/DefaultEnemy 2.asset using Guid(f16141b30a6dcbe48b787f88e3cf3256) Importer(815301076,1909f56bfc062723c751e8b465ee728b) (PreviewImporter) -> (artifact id: '7a8328acd7014603798c02ef18ca5c12') in 0.00527 seconds
Number of updated asset objects reloaded before import = 0Number of asset objects unloaded after import = 59

========================================================================
Received Import Request.
  Time since last request: 0.982792 seconds.
  path: Assets/ScriptableObjects/Enemies/DefaultEnemy 3.asset
  artifactKey: Guid(ce4923da642d75447947bc96a1276190) Importer(815301076,1909f56bfc062723c751e8b465ee728b)
Start importing Assets/ScriptableObjects/Enemies/DefaultEnemy 3.asset using Guid(ce4923da642d75447947bc96a1276190) Importer(815301076,1909f56bfc062723c751e8b465ee728b) (PreviewImporter) -> (artifact id: 'd9253cbfcefeaaaa5d238184fdcc52c0') in 0.0051464 seconds
Number of updated asset objects reloaded before import = 0Number of asset objects unloaded after import = 59

========================================================================
Received Import Request.
  Time since last request: 5.373892 seconds.
  path: Assets/ScriptableObjects/Enemies/ShieldEnemy.asset
  artifactKey: Guid(f2a84ecb824cd18488aec2f15cb98598) Importer(815301076,1909f56bfc062723c751e8b465ee728b)
Start importing Assets/ScriptableObjects/Enemies/ShieldEnemy.asset using Guid(f2a84ecb824cd18488aec2f15cb98598) Importer(815301076,1909f56bfc062723c751e8b465ee728b) (PreviewImporter) -> (artifact id: '96069c5dd1f1e92d2c8d28345c9d4f83') in 0.0052584 seconds
Number of updated asset objects reloaded before import = 0Number of asset objects unloaded after import = 59

========================================================================
Received Import Request.
  Time since last request: 53.028232 seconds.
  path: Assets/ScriptableObjects/Enemies/SplitEnemy.asset
  artifactKey: Guid(f16141b30a6dcbe48b787f88e3cf3256) Importer(815301076,1909f56bfc062723c751e8b465ee728b)
Start importing Assets/ScriptableObjects/Enemies/SplitEnemy.asset using Guid(f16141b30a6dcbe48b787f88e3cf3256) Importer(815301076,1909f56bfc062723c751e8b465ee728b) (PreviewImporter) -> (artifact id: '9f99798bd0f69b1c27219aacc9c1cde1') in 0.0067928 seconds
Number of updated asset objects reloaded before import = 0Number of asset objects unloaded after import = 59

========================================================================
Received Import Request.
  Time since last request: 26.836432 seconds.
  path: Assets/ScriptableObjects/Enemies/SplitEnemyBaby.asset
  artifactKey: Guid(ce4923da642d75447947bc96a1276190) Importer(815301076,1909f56bfc062723c751e8b465ee728b)
Start importing Assets/ScriptableObjects/Enemies/SplitEnemyBaby.asset using Guid(ce4923da642d75447947bc96a1276190) Importer(815301076,1909f56bfc062723c751e8b465ee728b) (PreviewImporter) -> (artifact id: '4922677d07f9ccdc0a45eeb6672d3d64') in 0.0070649 seconds
Number of updated asset objects reloaded before import = 0Number of asset objects unloaded after import = 59

========================================================================
Received Import Request.
  Time since last request: 111.215035 seconds.
  path: Assets/Art/JMO Assets/Cartoon FX Remaster/CFXR Assets/Graphics/cfxr card heart.png
  artifactKey: Guid(38af1cf4cdd0bb047a178879cbb9bf1f) Importer(815301076,1909f56bfc062723c751e8b465ee728b)
Start importing Assets/Art/JMO Assets/Cartoon FX Remaster/CFXR Assets/Graphics/cfxr card heart.png using Guid(38af1cf4cdd0bb047a178879cbb9bf1f) Importer(815301076,1909f56bfc062723c751e8b465ee728b) (PreviewImporter) -> (artifact id: '7d5365bd30ad93dfda17c64275fe5b8f') in 0.0740036 seconds
Number of updated asset objects reloaded before import = 0Number of asset objects unloaded after import = 2

========================================================================
Received Import Request.
  Time since last request: 0.000059 seconds.
  path: Assets/Art/JMO Assets/Cartoon FX Remaster/CFXR Assets/Graphics/cfxr heart break dissolve ab.mat
  artifactKey: Guid(301dce4846efde14394aa2a2b88960b1) Importer(815301076,1909f56bfc062723c751e8b465ee728b)
Start importing Assets/Art/JMO Assets/Cartoon FX Remaster/CFXR Assets/Graphics/cfxr heart break dissolve ab.mat using Guid(301dce4846efde14394aa2a2b88960b1) Importer(815301076,1909f56bfc062723c751e8b465ee728b) (PreviewImporter) -> (artifact id: '02037f612e694c2b472282caf836a1ba') in 0.1745247 seconds
Number of updated asset objects reloaded before import = 0Number of asset objects unloaded after import = 3

========================================================================
Received Import Request.
  Time since last request: 0.000073 seconds.
  path: Assets/Shaders/Portal/HeatDistortion.shadergraph
  artifactKey: Guid(314e59ac529667b4995e6bfbcdec3a04) Importer(815301076,1909f56bfc062723c751e8b465ee728b)
Start importing Assets/Shaders/Portal/HeatDistortion.shadergraph using Guid(314e59ac529667b4995e6bfbcdec3a04) Importer(815301076,1909f56bfc062723c751e8b465ee728b) (PreviewImporter) -> (artifact id: 'e00631c9e51851be52a1d002aea143fa') in 0.0393295 seconds
Number of updated asset objects reloaded before import = 0Number of asset objects unloaded after import = 5

========================================================================
Received Import Request.
  Time since last request: 0.000027 seconds.
  path: Assets/Art/JMO Assets/Cartoon FX Remaster/CFXR Assets/Graphics/cfxr heart break dissolve.png
  artifactKey: Guid(f5a348224aafbd442b8932a3fac961f3) Importer(815301076,1909f56bfc062723c751e8b465ee728b)
Start importing Assets/Art/JMO Assets/Cartoon FX Remaster/CFXR Assets/Graphics/cfxr heart break dissolve.png using Guid(f5a348224aafbd442b8932a3fac961f3) Importer(815301076,1909f56bfc062723c751e8b465ee728b) (PreviewImporter) -> (artifact id: '8124e9e2853f513deaff081e7688c9ef') in 0.0263324 seconds
Number of updated asset objects reloaded before import = 0Number of asset objects unloaded after import = 2

========================================================================
Received Import Request.
  Time since last request: 0.000023 seconds.
  path: Assets/Art/JMO Assets/Cartoon FX Remaster/CFXR Assets/Graphics/cfxr heart.png
  artifactKey: Guid(736af86f347135b42b82f6a7cedde546) Importer(815301076,1909f56bfc062723c751e8b465ee728b)
Start importing Assets/Art/JMO Assets/Cartoon FX Remaster/CFXR Assets/Graphics/cfxr heart.png using Guid(736af86f347135b42b82f6a7cedde546) Importer(815301076,1909f56bfc062723c751e8b465ee728b) (PreviewImporter) -> (artifact id: '283bd772c825e8c361aa97f874f6da9f') in 0.0260907 seconds
Number of updated asset objects reloaded before import = 0Number of asset objects unloaded after import = 2

========================================================================
Received Import Request.
  Time since last request: 0.000038 seconds.
  path: Assets/Prefabs/UI Elements/HealthBarCanvasV2.prefab
  artifactKey: Guid(7cad6f6562d795c4d83b35f8a462af40) Importer(815301076,1909f56bfc062723c751e8b465ee728b)
Start importing Assets/Prefabs/UI Elements/HealthBarCanvasV2.prefab using Guid(7cad6f6562d795c4d83b35f8a462af40) Importer(815301076,1909f56bfc062723c751e8b465ee728b) (PreviewImporter) -> (artifact id: '243073ffa02275228680f910f6a33da6') in 0.0047779 seconds
Number of updated asset objects reloaded before import = 0Number of asset objects unloaded after import = 21

========================================================================
Received Import Request.
  Time since last request: 2.326957 seconds.
  path: Assets/Scripts/Components/Health.cs
  artifactKey: Guid(65eea7204f1dfe746bb81f64e3aae689) Importer(815301076,1909f56bfc062723c751e8b465ee728b)
Start importing Assets/Scripts/Components/Health.cs using Guid(65eea7204f1dfe746bb81f64e3aae689) Importer(815301076,1909f56bfc062723c751e8b465ee728b) (PreviewImporter) -> (artifact id: '6a68e38fce4b7ae2bb4a240142bff322') in 0.0013853 seconds
Number of updated asset objects reloaded before import = 0Number of asset objects unloaded after import = 0

========================================================================
Received Import Request.
  Time since last request: 11.043806 seconds.
  path: Packages/com.unity.visualeffectgraph/Editor/Templates/UI/d_HeadTrails@256.png
  artifactKey: Guid(2c2a2ca123576884faa73f86ea5e6ea9) Importer(815301076,1909f56bfc062723c751e8b465ee728b)
Start importing Packages/com.unity.visualeffectgraph/Editor/Templates/UI/d_HeadTrails@256.png using Guid(2c2a2ca123576884faa73f86ea5e6ea9) Importer(815301076,1909f56bfc062723c751e8b465ee728b) (PreviewImporter) -> (artifact id: '64b1d885a678e09ab6c5149e52e68f16') in 0.0271666 seconds
Number of updated asset objects reloaded before import = 0Number of asset objects unloaded after import = 2

========================================================================
Received Import Request.
  Time since last request: 0.000051 seconds.
  path: Packages/com.unity.render-pipelines.core/Editor/StyleSheets/HeaderFoldout.uss
  artifactKey: Guid(20e417e1ec9645d44ad61671212c15f7) Importer(815301076,1909f56bfc062723c751e8b465ee728b)
Start importing Packages/com.unity.render-pipelines.core/Editor/StyleSheets/HeaderFoldout.uss using Guid(20e417e1ec9645d44ad61671212c15f7) Importer(815301076,1909f56bfc062723c751e8b465ee728b) (PreviewImporter) -> (artifact id: '464e269e881494fd68a96a7210563342') in 0.0145636 seconds
Number of updated asset objects reloaded before import = 0Number of asset objects unloaded after import = 1

========================================================================
Received Prepare
Refreshing native plugins compatible for Editor in 0.73 ms, found 3 plugins.
Preloading 0 native plugins for Editor in 0.00 ms.
Unloading 14 Unused Serialized files (Serialized files now loaded: 0)
Unloading 6782 unused Assets / (5.5 MB). Loaded Objects now: 7729.
Memory consumption went from 172.8 MB to 167.3 MB.
Total: 29.248700 ms (FindLiveObjects: 1.009400 ms CreateObjectMapping: 0.667100 ms MarkObjects: 24.137900 ms  DeleteObjects: 3.432500 ms)

Prepare: number of updated asset objects reloaded= 0
========================================================================
Received Prepare
Begin MonoManager ReloadAssembly
- Loaded All Assemblies, in  1.550 seconds
Refreshing native plugins compatible for Editor in 1.76 ms, found 3 plugins.
Native extension for WindowsStandalone target not found
Mono: successfully reloaded assembly
- Finished resetting the current domain, in  1.140 seconds
Domain Reload Profiling: 2691ms
	BeginReloadAssembly (487ms)
		ExecutionOrderSort (0ms)
		DisableScriptedObjects (52ms)
		BackupInstance (0ms)
		ReleaseScriptingObjects (1ms)
		CreateAndSetChildDomain (187ms)
	RebuildCommonClasses (61ms)
	RebuildNativeTypeToScriptingClass (17ms)
	initialDomainReloadingComplete (41ms)
	LoadAllAssembliesAndSetupDomain (946ms)
		LoadAssemblies (651ms)
		RebuildTransferFunctionScriptingTraits (0ms)
		AnalyzeDomain (467ms)
			TypeCache.Refresh (85ms)
				TypeCache.ScanAssembly (34ms)
			BuildScriptInfoCaches (354ms)
			ResolveRequiredComponents (19ms)
	FinalizeReload (1141ms)
		ReleaseScriptCaches (0ms)
		RebuildScriptCaches (0ms)
		SetupLoadedEditorAssemblies (846ms)
			LogAssemblyErrors (0ms)
			InitializePlatformSupportModulesInManaged (3ms)
			SetLoadedEditorAssemblies (3ms)
			BeforeProcessingInitializeOnLoad (141ms)
			ProcessInitializeOnLoadAttributes (605ms)
			ProcessInitializeOnLoadMethodAttributes (83ms)
			AfterProcessingInitializeOnLoad (9ms)
			EditorAssembliesLoaded (1ms)
		ExecutionOrderSort2 (0ms)
		AwakeInstancesAfterBackupRestoration (22ms)
Refreshing native plugins compatible for Editor in 1.46 ms, found 3 plugins.
Preloading 0 native plugins for Editor in 0.00 ms.
Unloading 14 Unused Serialized files (Serialized files now loaded: 0)
Unloading 6786 unused Assets / (4.8 MB). Loaded Objects now: 7610.
Memory consumption went from 168.5 MB to 163.7 MB.
Total: 11.010500 ms (FindLiveObjects: 1.247200 ms CreateObjectMapping: 0.731300 ms MarkObjects: 6.335400 ms  DeleteObjects: 2.695100 ms)

Prepare: number of updated asset objects reloaded= 0
========================================================================
Received Prepare
Begin MonoManager ReloadAssembly
- Loaded All Assemblies, in  0.662 seconds
Refreshing native plugins compatible for Editor in 0.94 ms, found 3 plugins.
Native extension for WindowsStandalone target not found
Mono: successfully reloaded assembly
- Finished resetting the current domain, in  0.960 seconds
Domain Reload Profiling: 1623ms
	BeginReloadAssembly (174ms)
		ExecutionOrderSort (0ms)
		DisableScriptedObjects (5ms)
		BackupInstance (0ms)
		ReleaseScriptingObjects (0ms)
		CreateAndSetChildDomain (46ms)
	RebuildCommonClasses (32ms)
	RebuildNativeTypeToScriptingClass (10ms)
	initialDomainReloadingComplete (30ms)
	LoadAllAssembliesAndSetupDomain (417ms)
		LoadAssemblies (326ms)
		RebuildTransferFunctionScriptingTraits (0ms)
		AnalyzeDomain (175ms)
			TypeCache.Refresh (11ms)
				TypeCache.ScanAssembly (1ms)
			BuildScriptInfoCaches (151ms)
			ResolveRequiredComponents (10ms)
	FinalizeReload (960ms)
		ReleaseScriptCaches (0ms)
		RebuildScriptCaches (0ms)
		SetupLoadedEditorAssemblies (781ms)
			LogAssemblyErrors (0ms)
			InitializePlatformSupportModulesInManaged (2ms)
			SetLoadedEditorAssemblies (3ms)
			BeforeProcessingInitializeOnLoad (103ms)
			ProcessInitializeOnLoadAttributes (617ms)
			ProcessInitializeOnLoadMethodAttributes (52ms)
			AfterProcessingInitializeOnLoad (3ms)
			EditorAssembliesLoaded (0ms)
		ExecutionOrderSort2 (0ms)
		AwakeInstancesAfterBackupRestoration (10ms)
Refreshing native plugins compatible for Editor in 0.79 ms, found 3 plugins.
Preloading 0 native plugins for Editor in 0.00 ms.
Unloading 14 Unused Serialized files (Serialized files now loaded: 0)
Unloading 6786 unused Assets / (5.6 MB). Loaded Objects now: 7612.
Memory consumption went from 168.4 MB to 162.7 MB.
Total: 9.808500 ms (FindLiveObjects: 0.850700 ms CreateObjectMapping: 0.669100 ms MarkObjects: 4.813000 ms  DeleteObjects: 3.473500 ms)

Prepare: number of updated asset objects reloaded= 0
========================================================================
Received Import Request.
  Time since last request: 157.924356 seconds.
  path: Assets/Prefabs/Enemies/DefaultEnemy.prefab
  artifactKey: Guid(583a4b2c61c5f5845a8fcc35d4905ad0) Importer(815301076,1909f56bfc062723c751e8b465ee728b)
Start importing Assets/Prefabs/Enemies/DefaultEnemy.prefab using Guid(583a4b2c61c5f5845a8fcc35d4905ad0) Importer(815301076,1909f56bfc062723c751e8b465ee728b) (PreviewImporter) -> (artifact id: '603670dde195b5571bbc341a09ce2343') in 0.5195602 seconds
Number of updated asset objects reloaded before import = 0Number of asset objects unloaded after import = 86

========================================================================
Received Import Request.
  Time since last request: 0.000026 seconds.
  path: Assets/Prefabs/Enemies/SplitEnemyBaby.prefab
  artifactKey: Guid(ddb40e886b948d34a99b1cdfb7737ea7) Importer(815301076,1909f56bfc062723c751e8b465ee728b)
Start importing Assets/Prefabs/Enemies/SplitEnemyBaby.prefab using Guid(ddb40e886b948d34a99b1cdfb7737ea7) Importer(815301076,1909f56bfc062723c751e8b465ee728b) (PreviewImporter) -> (artifact id: 'c07d3178c06c61d562b0b7a0bb4170aa') in 0.0174738 seconds
Number of updated asset objects reloaded before import = 0Number of asset objects unloaded after import = 87

========================================================================
Received Import Request.
  Time since last request: 25.380062 seconds.
  path: Assets/ScriptableObjects/Enemies/DefaultEnemy 1.asset
  artifactKey: Guid(461f1b3d061744244948daf7977f838b) Importer(815301076,1909f56bfc062723c751e8b465ee728b)
Start importing Assets/ScriptableObjects/Enemies/DefaultEnemy 1.asset using Guid(461f1b3d061744244948daf7977f838b) Importer(815301076,1909f56bfc062723c751e8b465ee728b) (PreviewImporter) -> (artifact id: 'a18f2283855ef9906ddfe11fff6b41fe') in 0.0025712 seconds
Number of updated asset objects reloaded before import = 0Number of asset objects unloaded after import = 1

========================================================================
Received Import Request.
  Time since last request: 0.525132 seconds.
  path: Assets/ScriptableObjects/Enemies/DefaultEnemy 2.asset
  artifactKey: Guid(55ee48e5cbd080a489f517461ac090f0) Importer(815301076,1909f56bfc062723c751e8b465ee728b)
Start importing Assets/ScriptableObjects/Enemies/DefaultEnemy 2.asset using Guid(55ee48e5cbd080a489f517461ac090f0) Importer(815301076,1909f56bfc062723c751e8b465ee728b) (PreviewImporter) -> (artifact id: 'e572681922e4cc9634ae864ca407c8bd') in 0.0011422 seconds
Number of updated asset objects reloaded before import = 0Number of asset objects unloaded after import = 1

========================================================================
Received Import Request.
  Time since last request: 0.569716 seconds.
  path: Assets/ScriptableObjects/Enemies/DefaultEnemy 3.asset
  artifactKey: Guid(09c475706cf87dd4d9947a247f9f3dee) Importer(815301076,1909f56bfc062723c751e8b465ee728b)
Start importing Assets/ScriptableObjects/Enemies/DefaultEnemy 3.asset using Guid(09c475706cf87dd4d9947a247f9f3dee) Importer(815301076,1909f56bfc062723c751e8b465ee728b) (PreviewImporter) -> (artifact id: 'bd7dae8179d67163b64a5257e11a1416') in 0.0019704 seconds
Number of updated asset objects reloaded before import = 0Number of asset objects unloaded after import = 1

========================================================================
Received Import Request.
  Time since last request: 5.194096 seconds.
  path: Assets/ScriptableObjects/Enemies/ShieldEnemy.asset
  artifactKey: Guid(461f1b3d061744244948daf7977f838b) Importer(815301076,1909f56bfc062723c751e8b465ee728b)
Start importing Assets/ScriptableObjects/Enemies/ShieldEnemy.asset using Guid(461f1b3d061744244948daf7977f838b) Importer(815301076,1909f56bfc062723c751e8b465ee728b) (PreviewImporter) -> (artifact id: '8aa3168998fd5a57a7e0cfba428519ce') in 0.0026542 seconds
Number of updated asset objects reloaded before import = 0Number of asset objects unloaded after import = 1

========================================================================
Received Import Request.
  Time since last request: 5.697774 seconds.
  path: Assets/ScriptableObjects/Enemies/SplitEnemy.asset
  artifactKey: Guid(55ee48e5cbd080a489f517461ac090f0) Importer(815301076,1909f56bfc062723c751e8b465ee728b)
Start importing Assets/ScriptableObjects/Enemies/SplitEnemy.asset using Guid(55ee48e5cbd080a489f517461ac090f0) Importer(815301076,1909f56bfc062723c751e8b465ee728b) (PreviewImporter) -> (artifact id: '4b0cf0b7a40505139a12f09faae70bcd') in 0.0019562 seconds
Number of updated asset objects reloaded before import = 0Number of asset objects unloaded after import = 1

========================================================================
Received Import Request.
  Time since last request: 8.594884 seconds.
  path: Assets/ScriptableObjects/Enemies/SplitEnemyBaby.asset
  artifactKey: Guid(09c475706cf87dd4d9947a247f9f3dee) Importer(815301076,1909f56bfc062723c751e8b465ee728b)
Start importing Assets/ScriptableObjects/Enemies/SplitEnemyBaby.asset using Guid(09c475706cf87dd4d9947a247f9f3dee) Importer(815301076,1909f56bfc062723c751e8b465ee728b) (PreviewImporter) -> (artifact id: '7dfaa6e62b513231238cf0cad313b7f3') in 0.0016713 seconds
Number of updated asset objects reloaded before import = 0Number of asset objects unloaded after import = 1

========================================================================
Received Import Request.
  Time since last request: 95.163496 seconds.
  path: Assets/Prefabs/Enemies/DefaultEnemy.prefab
  artifactKey: Guid(583a4b2c61c5f5845a8fcc35d4905ad0) Importer(815301076,1909f56bfc062723c751e8b465ee728b)
Start importing Assets/Prefabs/Enemies/DefaultEnemy.prefab using Guid(583a4b2c61c5f5845a8fcc35d4905ad0) Importer(815301076,1909f56bfc062723c751e8b465ee728b) (PreviewImporter) -> (artifact id: 'd76989f52d9339275010184f991998be') in 0.0255618 seconds
Number of updated asset objects reloaded before import = 0Number of asset objects unloaded after import = 87

========================================================================
Received Import Request.
  Time since last request: 4.593837 seconds.
  path: Assets/Prefabs/Enemies/ShieldEnemy.prefab
  artifactKey: Guid(9a9515c1845b1f14e9c93cff6e7ff083) Importer(815301076,1909f56bfc062723c751e8b465ee728b)
Start importing Assets/Prefabs/Enemies/ShieldEnemy.prefab using Guid(9a9515c1845b1f14e9c93cff6e7ff083) Importer(815301076,1909f56bfc062723c751e8b465ee728b) (PreviewImporter)SendMessage cannot be called during Awake, CheckConsistency, or OnValidate (ShieldHitbox: OnMeshFilterChanged)
UnityEngine.Debug:ExtractStackTraceNoAlloc (byte*,int,string)
UnityEngine.StackTraceUtility:ExtractStackTrace ()
UnityEngine.MeshFilter:set_sharedMesh (UnityEngine.Mesh)
ShieldArcVisual:Build () (at Assets/Scripts/Enemies/ShieldArcVisual.cs:39)
ShieldArcVisual:OnValidate () (at Assets/Scripts/Enemies/ShieldArcVisual.cs:19)

[Assets/Scripts/Enemies/ShieldArcVisual.cs line 39]

 -> (artifact id: '3d7bf2ce9093ad085d2eb698dc6af84d') in 0.0368883 seconds
Number of updated asset objects reloaded before import = 0Number of asset objects unloaded after import = 125

========================================================================
Received Import Request.
  Time since last request: 6.283044 seconds.
  path: Assets/Prefabs/Enemies/SplitEnemy.prefab
  artifactKey: Guid(abd5418c4fa90bf468b829c6197a83b6) Importer(815301076,1909f56bfc062723c751e8b465ee728b)
Start importing Assets/Prefabs/Enemies/SplitEnemy.prefab using Guid(abd5418c4fa90bf468b829c6197a83b6) Importer(815301076,1909f56bfc062723c751e8b465ee728b) (PreviewImporter) -> (artifact id: '58f28585db62e4d27b4856df19594434') in 0.0224288 seconds
Number of updated asset objects reloaded before import = 0Number of asset objects unloaded after import = 127

========================================================================
Received Prepare
Begin MonoManager ReloadAssembly
- Loaded All Assemblies, in  0.756 seconds
Refreshing native plugins compatible for Editor in 0.61 ms, found 3 plugins.
Native extension for WindowsStandalone target not found
Mono: successfully reloaded assembly
- Finished resetting the current domain, in  0.792 seconds
Domain Reload Profiling: 1550ms
	BeginReloadAssembly (240ms)
		ExecutionOrderSort (0ms)
		DisableScriptedObjects (25ms)
		BackupInstance (0ms)
		ReleaseScriptingObjects (0ms)
		CreateAndSetChildDomain (75ms)
	RebuildCommonClasses (34ms)
	RebuildNativeTypeToScriptingClass (10ms)
	initialDomainReloadingComplete (26ms)
	LoadAllAssembliesAndSetupDomain (448ms)
		LoadAssemblies (347ms)
		RebuildTransferFunctionScriptingTraits (0ms)
		AnalyzeDomain (193ms)
			TypeCache.Refresh (9ms)
				TypeCache.ScanAssembly (0ms)
			BuildScriptInfoCaches (168ms)
			ResolveRequiredComponents (12ms)
	FinalizeReload (793ms)
		ReleaseScriptCaches (0ms)
		RebuildScriptCaches (0ms)
		SetupLoadedEditorAssemblies (616ms)
			LogAssemblyErrors (0ms)
			InitializePlatformSupportModulesInManaged (2ms)
			SetLoadedEditorAssemblies (3ms)
			BeforeProcessingInitializeOnLoad (109ms)
			ProcessInitializeOnLoadAttributes (443ms)
			ProcessInitializeOnLoadMethodAttributes (52ms)
			AfterProcessingInitializeOnLoad (6ms)
			EditorAssembliesLoaded (0ms)
		ExecutionOrderSort2 (0ms)
		AwakeInstancesAfterBackupRestoration (11ms)
Refreshing native plugins compatible for Editor in 0.97 ms, found 3 plugins.
Preloading 0 native plugins for Editor in 0.00 ms.
Unloading 14 Unused Serialized files (Serialized files now loaded: 0)
Unloading 6789 unused Assets / (5.4 MB). Loaded Objects now: 7635.
Memory consumption went from 172.7 MB to 167.3 MB.
Total: 11.032100 ms (FindLiveObjects: 1.814400 ms CreateObjectMapping: 0.852100 ms MarkObjects: 5.397600 ms  DeleteObjects: 2.967000 ms)

Prepare: number of updated asset objects reloaded= 0
========================================================================
Received Import Request.
  Time since last request: 11.417537 seconds.
  path: Assets/Prefabs/Enemies/SplitEnemyBaby.prefab
  artifactKey: Guid(ddb40e886b948d34a99b1cdfb7737ea7) Importer(815301076,1909f56bfc062723c751e8b465ee728b)
Start importing Assets/Prefabs/Enemies/SplitEnemyBaby.prefab using Guid(ddb40e886b948d34a99b1cdfb7737ea7) Importer(815301076,1909f56bfc062723c751e8b465ee728b) (PreviewImporter) -> (artifact id: '5cbb7ac1cf75f340a51e01cb56a47f2e') in 0.4093155 seconds
Number of updated asset objects reloaded before import = 0Number of asset objects unloaded after import = 88

========================================================================
Received Import Request.
  Time since last request: 1.275365 seconds.
  path: Assets/Prefabs/Enemies/SplitEnemy.prefab
  artifactKey: Guid(abd5418c4fa90bf468b829c6197a83b6) Importer(815301076,1909f56bfc062723c751e8b465ee728b)
Start importing Assets/Prefabs/Enemies/SplitEnemy.prefab using Guid(abd5418c4fa90bf468b829c6197a83b6) Importer(815301076,1909f56bfc062723c751e8b465ee728b) (PreviewImporter) -> (artifact id: 'a56c1cbbf4566674f142788cc923009f') in 0.0221436 seconds
Number of updated asset objects reloaded before import = 0Number of asset objects unloaded after import = 128

========================================================================
Received Prepare
Refreshing native plugins compatible for Editor in 2.30 ms, found 3 plugins.
Preloading 0 native plugins for Editor in 0.00 ms.
Unloading 14 Unused Serialized files (Serialized files now loaded: 0)
Unloading 6782 unused Assets / (5.8 MB). Loaded Objects now: 7776.
Memory consumption went from 180.7 MB to 174.9 MB.
Total: 61.146000 ms (FindLiveObjects: 1.323400 ms CreateObjectMapping: 0.776100 ms MarkObjects: 54.698700 ms  DeleteObjects: 4.346200 ms)

Prepare: number of updated asset objects reloaded= 0
========================================================================
Received Prepare
Begin MonoManager ReloadAssembly
- Loaded All Assemblies, in  1.495 seconds
Refreshing native plugins compatible for Editor in 1.51 ms, found 3 plugins.
Native extension for WindowsStandalone target not found
Mono: successfully reloaded assembly
- Finished resetting the current domain, in  1.329 seconds
Domain Reload Profiling: 2824ms
	BeginReloadAssembly (485ms)
		ExecutionOrderSort (0ms)
		DisableScriptedObjects (46ms)
		BackupInstance (0ms)
		ReleaseScriptingObjects (0ms)
		CreateAndSetChildDomain (173ms)
	RebuildCommonClasses (59ms)
	RebuildNativeTypeToScriptingClass (19ms)
	initialDomainReloadingComplete (46ms)
	LoadAllAssembliesAndSetupDomain (886ms)
		LoadAssemblies (647ms)
		RebuildTransferFunctionScriptingTraits (0ms)
		AnalyzeDomain (432ms)
			TypeCache.Refresh (23ms)
				TypeCache.ScanAssembly (2ms)
			BuildScriptInfoCaches (359ms)
			ResolveRequiredComponents (28ms)
	FinalizeReload (1330ms)
		ReleaseScriptCaches (0ms)
		RebuildScriptCaches (0ms)
		SetupLoadedEditorAssemblies (942ms)
			LogAssemblyErrors (0ms)
			InitializePlatformSupportModulesInManaged (4ms)
			SetLoadedEditorAssemblies (6ms)
			BeforeProcessingInitializeOnLoad (142ms)
			ProcessInitializeOnLoadAttributes (685ms)
			ProcessInitializeOnLoadMethodAttributes (99ms)
			AfterProcessingInitializeOnLoad (6ms)
			EditorAssembliesLoaded (1ms)
		ExecutionOrderSort2 (0ms)
		AwakeInstancesAfterBackupRestoration (26ms)
Refreshing native plugins compatible for Editor in 1.12 ms, found 3 plugins.
Preloading 0 native plugins for Editor in 0.00 ms.
Unloading 14 Unused Serialized files (Serialized files now loaded: 0)
Unloading 6786 unused Assets / (5.6 MB). Loaded Objects now: 7657.
Memory consumption went from 176.8 MB to 171.2 MB.
Total: 11.439200 ms (FindLiveObjects: 1.318700 ms CreateObjectMapping: 0.690200 ms MarkObjects: 5.570800 ms  DeleteObjects: 3.856300 ms)

Prepare: number of updated asset objects reloaded= 0
========================================================================
Received Prepare
Refreshing native plugins compatible for Editor in 1.11 ms, found 3 plugins.
Preloading 0 native plugins for Editor in 0.00 ms.
Unloading 14 Unused Serialized files (Serialized files now loaded: 0)
Unloading 6779 unused Assets / (5.7 MB). Loaded Objects now: 7657.
Memory consumption went from 176.8 MB to 171.2 MB.
Total: 12.555100 ms (FindLiveObjects: 0.774700 ms CreateObjectMapping: 0.979200 ms MarkObjects: 6.914500 ms  DeleteObjects: 3.885200 ms)

Prepare: number of updated asset objects reloaded= 0
========================================================================
Received Import Request.
  Time since last request: 812.613170 seconds.
  path: Assets/Prefabs/Enemies/SplitEnemyBaby.prefab
  artifactKey: Guid(ddb40e886b948d34a99b1cdfb7737ea7) Importer(815301076,1909f56bfc062723c751e8b465ee728b)
Start importing Assets/Prefabs/Enemies/SplitEnemyBaby.prefab using Guid(ddb40e886b948d34a99b1cdfb7737ea7) Importer(815301076,1909f56bfc062723c751e8b465ee728b) (PreviewImporter) -> (artifact id: 'a4303dab3257abe32f65612d5cf7ad40') in 0.7836439 seconds
Number of updated asset objects reloaded before import = 0Number of asset objects unloaded after import = 88

========================================================================
Received Prepare
Begin MonoManager ReloadAssembly
- Loaded All Assemblies, in  0.928 seconds
Refreshing native plugins compatible for Editor in 1.39 ms, found 3 plugins.
Native extension for WindowsStandalone target not found
Mono: successfully reloaded assembly
- Finished resetting the current domain, in  1.186 seconds
Domain Reload Profiling: 2115ms
	BeginReloadAssembly (265ms)
		ExecutionOrderSort (0ms)
		DisableScriptedObjects (33ms)
		BackupInstance (0ms)
		ReleaseScriptingObjects (0ms)
		CreateAndSetChildDomain (61ms)
	RebuildCommonClasses (50ms)
	RebuildNativeTypeToScriptingClass (19ms)
	initialDomainReloadingComplete (34ms)
	LoadAllAssembliesAndSetupDomain (561ms)
		LoadAssemblies (434ms)
		RebuildTransferFunctionScriptingTraits (0ms)
		AnalyzeDomain (247ms)
			TypeCache.Refresh (15ms)
				TypeCache.ScanAssembly (1ms)
			BuildScriptInfoCaches (211ms)
			ResolveRequiredComponents (17ms)
	FinalizeReload (1186ms)
		ReleaseScriptCaches (0ms)
		RebuildScriptCaches (0ms)
		SetupLoadedEditorAssemblies (822ms)
			LogAssemblyErrors (0ms)
			InitializePlatformSupportModulesInManaged (3ms)
			SetLoadedEditorAssemblies (5ms)
			BeforeProcessingInitializeOnLoad (156ms)
			ProcessInitializeOnLoadAttributes (589ms)
			ProcessInitializeOnLoadMethodAttributes (65ms)
			AfterProcessingInitializeOnLoad (3ms)
			EditorAssembliesLoaded (0ms)
		ExecutionOrderSort2 (0ms)
		AwakeInstancesAfterBackupRestoration (16ms)
Refreshing native plugins compatible for Editor in 1.00 ms, found 3 plugins.
Preloading 0 native plugins for Editor in 0.00 ms.
Unloading 14 Unused Serialized files (Serialized files now loaded: 0)
Unloading 6789 unused Assets / (5.0 MB). Loaded Objects now: 7679.
Memory consumption went from 181.0 MB to 175.9 MB.
Total: 11.654800 ms (FindLiveObjects: 1.128900 ms CreateObjectMapping: 0.859700 ms MarkObjects: 6.411100 ms  DeleteObjects: 3.253300 ms)

Prepare: number of updated asset objects reloaded= 0
========================================================================
Received Prepare
Refreshing native plugins compatible for Editor in 1.13 ms, found 3 plugins.
Preloading 0 native plugins for Editor in 0.00 ms.
Unloading 14 Unused Serialized files (Serialized files now loaded: 0)
Unloading 6779 unused Assets / (5.0 MB). Loaded Objects now: 7679.
Memory consumption went from 181.0 MB to 176.0 MB.
Total: 10.158500 ms (FindLiveObjects: 1.102100 ms CreateObjectMapping: 0.789000 ms MarkObjects: 5.131100 ms  DeleteObjects: 3.135000 ms)

Prepare: number of updated asset objects reloaded= 0
========================================================================
Received Prepare
Begin MonoManager ReloadAssembly
- Loaded All Assemblies, in  0.915 seconds
Refreshing native plugins compatible for Editor in 0.77 ms, found 3 plugins.
Native extension for WindowsStandalone target not found
Mono: successfully reloaded assembly
- Finished resetting the current domain, in  0.959 seconds
Domain Reload Profiling: 1873ms
	BeginReloadAssembly (258ms)
		ExecutionOrderSort (0ms)
		DisableScriptedObjects (8ms)
		BackupInstance (0ms)
		ReleaseScriptingObjects (0ms)
		CreateAndSetChildDomain (55ms)
	RebuildCommonClasses (45ms)
	RebuildNativeTypeToScriptingClass (13ms)
	initialDomainReloadingComplete (34ms)
	LoadAllAssembliesAndSetupDomain (563ms)
		LoadAssemblies (446ms)
		RebuildTransferFunctionScriptingTraits (0ms)
		AnalyzeDomain (260ms)
			TypeCache.Refresh (12ms)
				TypeCache.ScanAssembly (1ms)
			BuildScriptInfoCaches (227ms)
			ResolveRequiredComponents (16ms)
	FinalizeReload (959ms)
		ReleaseScriptCaches (0ms)
		RebuildScriptCaches (0ms)
		SetupLoadedEditorAssemblies (729ms)
			LogAssemblyErrors (0ms)
			InitializePlatformSupportModulesInManaged (3ms)
			SetLoadedEditorAssemblies (3ms)
			BeforeProcessingInitializeOnLoad (132ms)
			ProcessInitializeOnLoadAttributes (508ms)
			ProcessInitializeOnLoadMethodAttributes (79ms)
			AfterProcessingInitializeOnLoad (4ms)
			EditorAssembliesLoaded (0ms)
		ExecutionOrderSort2 (0ms)
		AwakeInstancesAfterBackupRestoration (17ms)
Refreshing native plugins compatible for Editor in 1.36 ms, found 3 plugins.
Preloading 0 native plugins for Editor in 0.00 ms.
Unloading 14 Unused Serialized files (Serialized files now loaded: 0)
Unloading 6786 unused Assets / (4.5 MB). Loaded Objects now: 7681.
Memory consumption went from 180.8 MB to 176.3 MB.
Total: 8.157300 ms (FindLiveObjects: 0.647900 ms CreateObjectMapping: 0.653000 ms MarkObjects: 4.836900 ms  DeleteObjects: 2.018100 ms)

Prepare: number of updated asset objects reloaded= 0
========================================================================
Received Import Request.
  Time since last request: 26.978823 seconds.
  path: Assets/Prefabs/Enemies/DefaultEnemy.prefab
  artifactKey: Guid(583a4b2c61c5f5845a8fcc35d4905ad0) Importer(815301076,1909f56bfc062723c751e8b465ee728b)
Start importing Assets/Prefabs/Enemies/DefaultEnemy.prefab using Guid(583a4b2c61c5f5845a8fcc35d4905ad0) Importer(815301076,1909f56bfc062723c751e8b465ee728b) (PreviewImporter) -> (artifact id: '844c2bc61d3ce8fa9c942d937f6a7213') in 0.453695 seconds
Number of updated asset objects reloaded before import = 0Number of asset objects unloaded after import = 87

========================================================================
Received Import Request.
  Time since last request: 5.432648 seconds.
  path: Assets/Prefabs/Enemies/DefaultEnemy.prefab
  artifactKey: Guid(583a4b2c61c5f5845a8fcc35d4905ad0) Importer(815301076,1909f56bfc062723c751e8b465ee728b)
Start importing Assets/Prefabs/Enemies/DefaultEnemy.prefab using Guid(583a4b2c61c5f5845a8fcc35d4905ad0) Importer(815301076,1909f56bfc062723c751e8b465ee728b) (PreviewImporter) -> (artifact id: '3b47a8bce633068767626b2ba9e0a7bb') in 0.0186502 seconds
Number of updated asset objects reloaded before import = 0Number of asset objects unloaded after import = 85

========================================================================
Received Import Request.
  Time since last request: 10.323467 seconds.
  path: Assets/Prefabs/Enemies/SplitEnemy.prefab
  artifactKey: Guid(abd5418c4fa90bf468b829c6197a83b6) Importer(815301076,1909f56bfc062723c751e8b465ee728b)
Start importing Assets/Prefabs/Enemies/SplitEnemy.prefab using Guid(abd5418c4fa90bf468b829c6197a83b6) Importer(815301076,1909f56bfc062723c751e8b465ee728b) (PreviewImporter) -> (artifact id: 'e06ce7957b44596d404dc8e5321204ec') in 0.0217935 seconds
Number of updated asset objects reloaded before import = 0Number of asset objects unloaded after import = 126

========================================================================
Received Import Request.
  Time since last request: 4.689100 seconds.
  path: Assets/Prefabs/Enemies/SplitEnemyBaby.prefab
  artifactKey: Guid(ddb40e886b948d34a99b1cdfb7737ea7) Importer(815301076,1909f56bfc062723c751e8b465ee728b)
Start importing Assets/Prefabs/Enemies/SplitEnemyBaby.prefab using Guid(ddb40e886b948d34a99b1cdfb7737ea7) Importer(815301076,1909f56bfc062723c751e8b465ee728b) (PreviewImporter) -> (artifact id: 'a6117568a39e4cfe47e048dd29009d26') in 0.0161654 seconds
Number of updated asset objects reloaded before import = 0Number of asset objects unloaded after import = 86

========================================================================
Received Import Request.
  Time since last request: 0.101790 seconds.
  path: Assets/Prefabs/Enemies/SplitEnemy.prefab
  artifactKey: Guid(abd5418c4fa90bf468b829c6197a83b6) Importer(815301076,1909f56bfc062723c751e8b465ee728b)
Start importing Assets/Prefabs/Enemies/SplitEnemy.prefab using Guid(abd5418c4fa90bf468b829c6197a83b6) Importer(815301076,1909f56bfc062723c751e8b465ee728b) (PreviewImporter) -> (artifact id: '425b22daed910b08529b6f3db19158f2') in 0.019421 seconds
Number of updated asset objects reloaded before import = 0Number of asset objects unloaded after import = 124

========================================================================
Received Prepare
Begin MonoManager ReloadAssembly
- Loaded All Assemblies, in  0.684 seconds
Refreshing native plugins compatible for Editor in 0.65 ms, found 3 plugins.
Native extension for WindowsStandalone target not found
Mono: successfully reloaded assembly
- Finished resetting the current domain, in  0.787 seconds
Domain Reload Profiling: 1472ms
	BeginReloadAssembly (214ms)
		ExecutionOrderSort (0ms)
		DisableScriptedObjects (25ms)
		BackupInstance (0ms)
		ReleaseScriptingObjects (0ms)
		CreateAndSetChildDomain (62ms)
	RebuildCommonClasses (31ms)
	RebuildNativeTypeToScriptingClass (10ms)
	initialDomainReloadingComplete (27ms)
	LoadAllAssembliesAndSetupDomain (403ms)
		LoadAssemblies (314ms)
		RebuildTransferFunctionScriptingTraits (0ms)
		AnalyzeDomain (175ms)
			TypeCache.Refresh (8ms)
				TypeCache.ScanAssembly (0ms)
			BuildScriptInfoCaches (153ms)
			ResolveRequiredComponents (10ms)
	FinalizeReload (787ms)
		ReleaseScriptCaches (0ms)
		RebuildScriptCaches (0ms)
		SetupLoadedEditorAssemblies (611ms)
			LogAssemblyErrors (0ms)
			InitializePlatformSupportModulesInManaged (2ms)
			SetLoadedEditorAssemblies (3ms)
			BeforeProcessingInitializeOnLoad (108ms)
			ProcessInitializeOnLoadAttributes (449ms)
			ProcessInitializeOnLoadMethodAttributes (46ms)
			AfterProcessingInitializeOnLoad (3ms)
			EditorAssembliesLoaded (0ms)
		ExecutionOrderSort2 (0ms)
		AwakeInstancesAfterBackupRestoration (12ms)
Refreshing native plugins compatible for Editor in 0.71 ms, found 3 plugins.
Preloading 0 native plugins for Editor in 0.00 ms.
Unloading 14 Unused Serialized files (Serialized files now loaded: 0)
Unloading 6789 unused Assets / (5.1 MB). Loaded Objects now: 7703.
Memory consumption went from 185.1 MB to 180.0 MB.
Total: 8.155400 ms (FindLiveObjects: 1.071700 ms CreateObjectMapping: 0.573600 ms MarkObjects: 4.336300 ms  DeleteObjects: 2.172900 ms)

Prepare: number of updated asset objects reloaded= 0
========================================================================
Received Import Request.
  Time since last request: 89.086861 seconds.
  path: Assets/Prefabs/Defenders/GhostDefenders/BaseDefenderGhost.prefab
  artifactKey: Guid(235b7200c98b31944b80f3e08406f582) Importer(815301076,1909f56bfc062723c751e8b465ee728b)
Start importing Assets/Prefabs/Defenders/GhostDefenders/BaseDefenderGhost.prefab using Guid(235b7200c98b31944b80f3e08406f582) Importer(815301076,1909f56bfc062723c751e8b465ee728b) (PreviewImporter) -> (artifact id: '913a08c4bdbe82d0d1c819b8f8b17772') in 0.7270693 seconds
Number of updated asset objects reloaded before import = 0Number of asset objects unloaded after import = 153

========================================================================
Received Import Request.
  Time since last request: 0.000031 seconds.
  path: Assets/Art/JMO Assets/Cartoon FX Remaster/CFXR Prefabs/Explosions/CFXR Explosion 1.prefab
  artifactKey: Guid(3ef3ae421f71c5c4e97fe12dc2fc6312) Importer(815301076,1909f56bfc062723c751e8b465ee728b)
Start importing Assets/Art/JMO Assets/Cartoon FX Remaster/CFXR Prefabs/Explosions/CFXR Explosion 1.prefab using Guid(3ef3ae421f71c5c4e97fe12dc2fc6312) Importer(815301076,1909f56bfc062723c751e8b465ee728b) (PreviewImporter) -> (artifact id: '943705c2a3e54d5ef7c42afc5442c0ee') in 0.1679087 seconds
Number of updated asset objects reloaded before import = 0Number of asset objects unloaded after import = 41

========================================================================
Received Import Request.
  Time since last request: 0.000060 seconds.
  path: Assets/Art/JMO Assets/Cartoon FX Remaster/CFXR Prefabs/Texts/CFXR _BOING_.prefab
  artifactKey: Guid(cf378989e15716e40a61692dcd97e628) Importer(815301076,1909f56bfc062723c751e8b465ee728b)
Start importing Assets/Art/JMO Assets/Cartoon FX Remaster/CFXR Prefabs/Texts/CFXR _BOING_.prefab using Guid(cf378989e15716e40a61692dcd97e628) Importer(815301076,1909f56bfc062723c751e8b465ee728b) (PreviewImporter) -> (artifact id: '94316d720ebfd2f559b6eafa8c7eacdd') in 0.0572168 seconds
Number of updated asset objects reloaded before import = 0Number of asset objects unloaded after import = 98

========================================================================
Received Import Request.
  Time since last request: 0.000036 seconds.
  path: Assets/Art/JMO Assets/Cartoon FX Remaster/CFXR Prefabs/Fire/CFXR Fire Breath.prefab
  artifactKey: Guid(c4ed38c72957f2241ad144a1614956d9) Importer(815301076,1909f56bfc062723c751e8b465ee728b)
Start importing Assets/Art/JMO Assets/Cartoon FX Remaster/CFXR Prefabs/Fire/CFXR Fire Breath.prefab using Guid(c4ed38c72957f2241ad144a1614956d9) Importer(815301076,1909f56bfc062723c751e8b465ee728b) (PreviewImporter) -> (artifact id: 'a18d2d83aa3c3df6f865f13171eb4588') in 0.0335837 seconds
Number of updated asset objects reloaded before import = 0Number of asset objects unloaded after import = 26

========================================================================
Received Import Request.
  Time since last request: 0.000031 seconds.
  path: Assets/Art/JMO Assets/Cartoon FX Remaster/CFXR Prefabs/Electric/CFXR Electrified 3.prefab
  artifactKey: Guid(effb650189dc5714e9e9801b1cfb3991) Importer(815301076,1909f56bfc062723c751e8b465ee728b)
Start importing Assets/Art/JMO Assets/Cartoon FX Remaster/CFXR Prefabs/Electric/CFXR Electrified 3.prefab using Guid(effb650189dc5714e9e9801b1cfb3991) Importer(815301076,1909f56bfc062723c751e8b465ee728b) (PreviewImporter) -> (artifact id: '4ef7947be171bd02665c3911ddf8ed1e') in 0.0361957 seconds
Number of updated asset objects reloaded before import = 0Number of asset objects unloaded after import = 24

========================================================================
Received Import Request.
  Time since last request: 0.000029 seconds.
  path: Assets/Art/JMO Assets/Cartoon FX Remaster/CFXR Prefabs/Texts/CFXR _POW_.prefab
  artifactKey: Guid(141e1779869c79845bd243610f187f47) Importer(815301076,1909f56bfc062723c751e8b465ee728b)
Start importing Assets/Art/JMO Assets/Cartoon FX Remaster/CFXR Prefabs/Texts/CFXR _POW_.prefab using Guid(141e1779869c79845bd243610f187f47) Importer(815301076,1909f56bfc062723c751e8b465ee728b) (PreviewImporter) -> (artifact id: 'c9bed7098108c4123c164ed29e8edd66') in 0.114822 seconds
Number of updated asset objects reloaded before import = 0Number of asset objects unloaded after import = 90

========================================================================
Received Import Request.
  Time since last request: 0.000054 seconds.
  path: Assets/Art/JMO Assets/Cartoon FX Remaster/CFXR Assets/Meshes/cfxr electric_arc_circle.fbx
  artifactKey: Guid(b10f0a773262b9c478542ff2d1a04863) Importer(815301076,1909f56bfc062723c751e8b465ee728b)
Start importing Assets/Art/JMO Assets/Cartoon FX Remaster/CFXR Assets/Meshes/cfxr electric_arc_circle.fbx using Guid(b10f0a773262b9c478542ff2d1a04863) Importer(815301076,1909f56bfc062723c751e8b465ee728b) (PreviewImporter) -> (artifact id: 'b81e01ba1a9671232440f40be889690a') in 0.1338056 seconds
Number of updated asset objects reloaded before import = 0Number of asset objects unloaded after import = 7

========================================================================
Received Prepare
Begin MonoManager ReloadAssembly
- Loaded All Assemblies, in  1.073 seconds
Refreshing native plugins compatible for Editor in 0.73 ms, found 3 plugins.
Native extension for WindowsStandalone target not found
Mono: successfully reloaded assembly
- Finished resetting the current domain, in  1.074 seconds
Domain Reload Profiling: 2147ms
	BeginReloadAssembly (326ms)
		ExecutionOrderSort (0ms)
		DisableScriptedObjects (31ms)
		BackupInstance (0ms)
		ReleaseScriptingObjects (1ms)
		CreateAndSetChildDomain (116ms)
	RebuildCommonClasses (36ms)
	RebuildNativeTypeToScriptingClass (15ms)
	initialDomainReloadingComplete (38ms)
	LoadAllAssembliesAndSetupDomain (656ms)
		LoadAssemblies (513ms)
		RebuildTransferFunctionScriptingTraits (0ms)
		AnalyzeDomain (272ms)
			TypeCache.Refresh (10ms)
				TypeCache.ScanAssembly (0ms)
			BuildScriptInfoCaches (240ms)
			ResolveRequiredComponents (15ms)
	FinalizeReload (1075ms)
		ReleaseScriptCaches (0ms)
		RebuildScriptCaches (0ms)
		SetupLoadedEditorAssemblies (789ms)
			LogAssemblyErrors (0ms)
			InitializePlatformSupportModulesInManaged (3ms)
			SetLoadedEditorAssemblies (4ms)
			BeforeProcessingInitializeOnLoad (143ms)
			ProcessInitializeOnLoadAttributes (576ms)
			ProcessInitializeOnLoadMethodAttributes (58ms)
			AfterProcessingInitializeOnLoad (4ms)
			EditorAssembliesLoaded (0ms)
		ExecutionOrderSort2 (0ms)
		AwakeInstancesAfterBackupRestoration (23ms)
Refreshing native plugins compatible for Editor in 0.89 ms, found 3 plugins.
Preloading 0 native plugins for Editor in 0.00 ms.
Unloading 14 Unused Serialized files (Serialized files now loaded: 0)
Unloading 6787 unused Assets / (5.0 MB). Loaded Objects now: 7728.
Memory consumption went from 189.5 MB to 184.4 MB.
Total: 9.965500 ms (FindLiveObjects: 1.699000 ms CreateObjectMapping: 0.632000 ms MarkObjects: 5.269800 ms  DeleteObjects: 2.363400 ms)

Prepare: number of updated asset objects reloaded= 0
========================================================================
Received Prepare
Begin MonoManager ReloadAssembly
- Loaded All Assemblies, in  1.130 seconds
Refreshing native plugins compatible for Editor in 1.56 ms, found 3 plugins.
Native extension for WindowsStandalone target not found
Mono: successfully reloaded assembly
- Finished resetting the current domain, in  1.201 seconds
Domain Reload Profiling: 2336ms
	BeginReloadAssembly (309ms)
		ExecutionOrderSort (0ms)
		DisableScriptedObjects (10ms)
		BackupInstance (0ms)
		ReleaseScriptingObjects (0ms)
		CreateAndSetChildDomain (76ms)
	RebuildCommonClasses (55ms)
	RebuildNativeTypeToScriptingClass (20ms)
	initialDomainReloadingComplete (47ms)
	LoadAllAssembliesAndSetupDomain (703ms)
		LoadAssemblies (582ms)
		RebuildTransferFunctionScriptingTraits (0ms)
		AnalyzeDomain (281ms)
			TypeCache.Refresh (17ms)
				TypeCache.ScanAssembly (1ms)
			BuildScriptInfoCaches (242ms)
			ResolveRequiredComponents (16ms)
	FinalizeReload (1201ms)
		ReleaseScriptCaches (0ms)
		RebuildScriptCaches (0ms)
		SetupLoadedEditorAssemblies (903ms)
			LogAssemblyErrors (0ms)
			InitializePlatformSupportModulesInManaged (4ms)
			SetLoadedEditorAssemblies (5ms)
			BeforeProcessingInitializeOnLoad (160ms)
			ProcessInitializeOnLoadAttributes (649ms)
			ProcessInitializeOnLoadMethodAttributes (77ms)
			AfterProcessingInitializeOnLoad (8ms)
			EditorAssembliesLoaded (0ms)
		ExecutionOrderSort2 (0ms)
		AwakeInstancesAfterBackupRestoration (23ms)
Refreshing native plugins compatible for Editor in 2.50 ms, found 3 plugins.
Preloading 0 native plugins for Editor in 0.00 ms.
Unloading 14 Unused Serialized files (Serialized files now loaded: 0)
Unloading 6786 unused Assets / (6.2 MB). Loaded Objects now: 7730.
Memory consumption went from 189.3 MB to 183.2 MB.
Total: 16.673900 ms (FindLiveObjects: 1.276900 ms CreateObjectMapping: 0.997200 ms MarkObjects: 7.931400 ms  DeleteObjects: 6.466700 ms)

Prepare: number of updated asset objects reloaded= 0
Editor requested this worker to shutdown with reason: Scaling down because of idle timeout
AssetImportWorkerClient::OnTransportError - code=2 error=End of file
AssetImportWorker is now disconnected from the server
Process exiting
Exiting without the bug reporter. Application will terminate with return code 0